<html>
<body>
<pre>
<h1>µVision Build Log</h1>
<h2>Tool Versions:</h2>
IDE-Version: ¦ÌVision V5.41.0.0
Copyright (C) 2024 ARM Ltd and ARM Germany GmbH. All rights reserved.
License Information: 1402461065@qq.com,   , LIC=CZLZX-HHJ0D-CXLU6-DPMDV-CRL7Q-97X06
 
Tool Versions:
Toolchain:       MDK-ARM Plus  Version: 5.41.0.0
Toolchain Path:  D:\software\keil\ARM\ARMCLANG\Bin
C Compiler:      ArmClang.exe V6.22
Assembler:       Armasm.exe V6.22
Linker/Locator:  ArmLink.exe V6.22
Library Manager: ArmAr.exe V6.22
Hex Converter:   FromElf.exe V6.22
CPU DLL:         SARMCM3.DLL V5.41.0.0
Dialog DLL:      DCM.DLL V1.17.5.0
Target DLL:      STLink\ST-LINKIII-KEIL_SWO.dll V3.3.0.0
Dialog DLL:      TCM.DLL V1.56.4.0
 
<h2>Project:</h2>
F:\BaiduNetdiskDownload\ACFLY\K9\ACFly.uvprojx
Project File Date:  02/14/2025

<h2>Output:</h2>
*** Using Compiler 'V6.22', folder: 'D:\software\keil\ARM\ARMCLANG\Bin'
Build target 'Target 1'
compiling drv_LED.cpp...
compiling InternalStorage.cpp...
compiling drv_Sensors.cpp...
compiling drv_Main.cpp...
compiling drv_USB.cpp...
compiling drv_Uart3.cpp...
compiling drv_Uart5.cpp...
compiling main.cpp...
compiling drv_Uart1.cpp...
compiling precLand.cpp...
compiling followTarget.cpp...
compiling drv_RCSbus.cpp...
compiling drv_RCPPM.cpp...
compiling drv_Uart8.cpp...
compiling drv_Uart7.cpp...
compiling SDStorage.cpp...
compiling drv_SDI.cpp...
compiling drv_TFMini.cpp...
compiling Receiver.cpp...
compiling drv_GPS.cpp...
compiling drv_RTK.cpp...
compiling drv_RTK_Track.cpp...
compiling Sensors.cpp...
compiling drv_OpticalFlow_JL32xx.cpp...
compiling drv_GPS_nmea.cpp...
compiling drv_RTK_DAO_Move.cpp...
compiling drv_RTK_DAO_Base.cpp...
compiling drv_MosaxicX6.cpp...
compiling drv_MosaxicX5.cpp...
compiling Parameters.cpp...
compiling drv_OpticalFlow_LC302.cpp...
compiling drv_OpticalFlow_LC306.cpp...
compiling drv_OpticalFlow_GL9306.cpp...
compiling drv_Can.cpp...
Drivers/drv_MR72_UartAv.cpp(75): warning: variable length arrays in C++ are a Clang extension [-Wvla-cxx-extension]
   75 |         uint8_t rxdata[Rx_Len];
      |                        ^~~~~~
Drivers/drv_MR72_UartAv.cpp(75): note: read of non-const variable 'Rx_Len' is not allowed in a constant expression
Drivers/drv_MR72_UartAv.cpp(71): note: declared here
   71 |         uint8_t Rx_Len = 18;
      |                 ^
1 warning generated.
compiling drv_MR72_UartAv.cpp...
compiling drv_ISTRA24.cpp...
compiling drv_NRA24.cpp...
compiling drv_ISTRA24_2.cpp...
compiling drv_YT_ZR10.cpp...
compiling drv_UWB_LinkTrack.cpp...
compiling drv_TFMiniAv.cpp...
compiling drv_YT_INYYO.cpp...
compiling drv_UM482.cpp...
compiling drv_UM982.cpp...
compiling drv_UM982_movingTrack.cpp...
compiling drv_YT_Viewlink.cpp...
compiling drv_RTCMInput.cpp...
compiling drv_US100.cpp...
compiling math_common_tables.cpp...
compiling drv_CAN_Radar_TR60_AH.cpp...
compiling drv_CAN_QOAR1271_Av.cpp...
compiling drv_YT_RYEOP.cpp...
compiling drv_CAN_MR72_BackAv.cpp...
compiling drv_CAN_MR72_Av.cpp...
compiling drv_CAN_BMS_TATTU.cpp...
compiling drv_ExtMag.cpp...
compiling drv_InternalMag.cpp...
compiling drv_ExtLed_TCA62724FMG.cpp...
compiling drv_IICTFMini_Av.cpp...
compiling drv_IIC_IRLock.cpp...
compiling drv_ExtBarometer.cpp...
compiling drv_IICTFMini.cpp...
compiling Debug.cpp...
compiling MS_Main.cpp...
compiling MavlinkCMDProcess.cpp...
compiling M30_AttCtrl.cpp...
compiling M10_RCCalib.cpp...
compiling M11_TempCalib.cpp...
compiling Modes.cpp...
compiling M16_GyroAlignCalib.cpp...
compiling MavlinkSendFuncs.cpp...
compiling M14_HorizonCalib.cpp...
compiling M12_AccCalib.cpp...
compiling M13_MagCalib.cpp...
Communication/MavlinkRCProcess.cpp(2834): warning: taking address of packed member 'extendedAxis1' of class or structure '__mavlink_manual_control_t' may result in an unaligned pointer value [-Waddress-of-packed-member]
 2834 |                 const int16_t* extAxis = &msg_rd->extendedAxis1;
      |                                           ^~~~~~~~~~~~~~~~~~~~~
1 warning generated.
compiling MavlinkRCProcess.cpp...
compiling M35_Auto1.cpp...
compiling MSafe.cpp...
compiling InFlightCmdProcess.cpp...
compiling NavCmdProcess.cpp...
compiling ctrl_Main.cpp...
compiling AuxFuncs.cpp...
compiling Commulink.cpp...
compiling M32_PosCtrl.cpp...
Modes/Avoidance.cpp(1033): warning: enumeration values 'AvTargetType_XYLineSegment', 'AvTargetType_3dLineSegment', and 'AvTargetType_ZSurface' not handled in switch [-Wswitch]
 1033 |                         switch (target->type)
      |                                 ^~~~~~~~~~~~
1 warning generated.
compiling Avoidance.cpp...
ControlSystem/Ctrl_Attitude.cpp(1443): warning: variable length arrays in C++ are a Clang extension [-Wvla-cxx-extension]
 1443 |                         double learnKs[learnK_Count + learnParamGroupTail_PCount];
      |                                        ^~~~~~~~~~~~~~~~~~~~~~~~~~~~~~~~~~~~~~~~~
ControlSystem/Ctrl_Attitude.cpp(1443): note: initializer of 'learnK_Count' is unknown
ControlSystem\ESO_AngularRate.hpp(61): note: declared here
   61 | extern const uint16_t learnK_Count;
      |                       ^
ControlSystem/Ctrl_Attitude.cpp(1488): warning: variable length arrays in C++ are a Clang extension [-Wvla-cxx-extension]
 1488 |                                 double learnKs[learnK_Count + learnParamGroupTail_PCount];
      |                                                ^~~~~~~~~~~~~~~~~~~~~~~~~~~~~~~~~~~~~~~~~
ControlSystem/Ctrl_Attitude.cpp(1488): note: initializer of 'learnK_Count' is unknown
ControlSystem\ESO_AngularRate.hpp(61): note: declared here
   61 | extern const uint16_t learnK_Count;
      |                       ^
ControlSystem/Ctrl_Attitude.cpp(4542): warning: variable length arrays in C++ are a Clang extension [-Wvla-cxx-extension]
 4542 |         double learnKs[learnK_Count + learnParamGroupTail_PCount];
      |                        ^~~~~~~~~~~~~~~~~~~~~~~~~~~~~~~~~~~~~~~~~
ControlSystem/Ctrl_Attitude.cpp(4542): note: initializer of 'learnK_Count' is unknown
ControlSystem\ESO_AngularRate.hpp(61): note: declared here
   61 | extern const uint16_t learnK_Count;
      |                       ^
3 warnings generated.
compiling Ctrl_Attitude.cpp...
compiling ctrl_Position.cpp...
linking...
.\Objects\ACFly.axf: Warning: L6969W: Changing AT Section .ARM.__AT_0x08040000 type from RW to RO in RES_IROM.
.\Objects\ACFly_Prophet.sct(11): warning: L6329W: Pattern *(.ARM.exidx.text*) only matches removed unused sections.
.\Objects\ACFly_Prophet.sct(46): warning: L6314W: No section matches pattern *(.RES_IROM).
Program Size: Code=773588 RO-data=99580 RW-data=597344 ZI-data=65768  
Finished: 0 information, 3 warning and 0 error messages.
FromELF: creating hex file...
".\Objects\ACFly.axf" - 0 Error(s), 9 Warning(s).

<h2>Software Packages used:</h2>

Package Vendor: Keil
                https://www.keil.com/pack/Keil.STM32H7xx_DFP.4.0.0.pack
                Keil::STM32H7xx_DFP@4.0.0
                STMicroelectronics STM32H7 Series Device Support

<h2>Collection of Component include folders:</h2>

<h2>Collection of Component Files used:</h2>
Build Time Elapsed:  00:00:10
</pre>
</body>
</html>
